// Jest Snapshot v1, https://goo.gl/fbAQLP

exports[`test <WeatherForecastCard/> component snapshot testing 1`] = `"<div class=\\"MuiPaper-root MuiPaper-elevation MuiPaper-rounded MuiPaper-elevation1 MuiCard-root css-1j94aqb-MuiPaper-root-MuiCard-root\\"><div class=\\"MuiCardContent-root css-46bh2p-MuiCardContent-root\\"><p class=\\"MuiTypography-root MuiTypography-body1 css-p09gn3-MuiTypography-root\\">Avg. temperature</p><p class=\\"MuiTypography-root MuiTypography-body1 css-a4lwg8-MuiTypography-root\\"><span>49.11Â°C</span></p><p class=\\"MuiTypography-root MuiTypography-body1 css-p09gn3-MuiTypography-root\\">Sun, Dec 12 2021</p></div></div>"`;
