// Jest Snapshot v1, https://goo.gl/fbAQLP

exports[`test <ErrorPage/> component snapshot testing 1`] = `"<div class=\\"MuiBox-root css-mpb51q\\"><div class=\\"MuiBox-root css-12ss6jc\\"><p class=\\"MuiTypography-root MuiTypography-body1 css-ahj2mt-MuiTypography-root\\">A bad error</p><button class=\\"MuiButton-root MuiButton-text MuiButton-textPrimary MuiButton-sizeMedium MuiButton-textSizeMedium MuiButtonBase-root  css-1e6y48t-MuiButtonBase-root-MuiButton-root\\" tabindex=\\"0\\" type=\\"button\\"><span class=\\"MuiButton-startIcon MuiButton-iconSizeMedium css-1d6wzja-MuiButton-startIcon\\"><svg stroke=\\"currentColor\\" fill=\\"currentColor\\" stroke-width=\\"0\\" viewBox=\\"0 0 24 24\\" height=\\"1em\\" width=\\"1em\\" xmlns=\\"http://www.w3.org/2000/svg\\"><path fill=\\"none\\" stroke=\\"#000\\" stroke-width=\\"2\\" d=\\"M20,8 C18.5974037,5.04031171 15.536972,3 12,3 C7.02943725,3 3,7.02943725 3,12 C3,16.9705627 7.02943725,21 12,21 L12,21 C16.9705627,21 21,16.9705627 21,12 M21,3 L21,9 L15,9\\"></path></svg></span>Refresh application<span class=\\"MuiTouchRipple-root css-8je8zh-MuiTouchRipple-root\\"></span></button></div></div>"`;
