// Jest Snapshot v1, https://goo.gl/fbAQLP

exports[`test <WeatherCardsSlider/> snapshot testing 1`] = `"<div dir=\\"ltr\\" aria-roledescription=\\"carousel\\" class=\\"css-1ohr7kt\\"><div class=\\"react-slideshow-container\\"><button class=\\"MuiButtonBase-root Mui-disabled MuiIconButton-root Mui-disabled MuiIconButton-sizeMedium undefined nav disabled css-78trlr-MuiButtonBase-root-MuiIconButton-root\\" tabindex=\\"-1\\" type=\\"button\\" disabled=\\"\\" aria-label=\\"Previous Slide\\" data-type=\\"prev\\"><svg stroke=\\"currentColor\\" fill=\\"currentColor\\" stroke-width=\\"0\\" viewBox=\\"0 0 24 24\\" height=\\"1em\\" width=\\"1em\\" xmlns=\\"http://www.w3.org/2000/svg\\"><polyline fill=\\"none\\" stroke=\\"#000\\" stroke-width=\\"2\\" points=\\"7 2 17 12 7 22\\" transform=\\"matrix(-1 0 0 1 24 0)\\"></polyline></svg></button><div class=\\"react-slideshow-wrapper slide \\"><div class=\\"images-wrap\\" style=\\"transform: translate(-0px); width: 0px;\\"></div></div><button class=\\"MuiButtonBase-root Mui-disabled MuiIconButton-root Mui-disabled MuiIconButton-sizeMedium undefined nav disabled css-78trlr-MuiButtonBase-root-MuiIconButton-root\\" tabindex=\\"-1\\" type=\\"button\\" disabled=\\"\\" aria-label=\\"Next Slide\\" data-type=\\"next\\"><svg stroke=\\"currentColor\\" fill=\\"currentColor\\" stroke-width=\\"0\\" viewBox=\\"0 0 24 24\\" height=\\"1em\\" width=\\"1em\\" xmlns=\\"http://www.w3.org/2000/svg\\"><polyline fill=\\"none\\" stroke=\\"#000\\" stroke-width=\\"2\\" points=\\"7 2 17 12 7 22\\"></polyline></svg></button></div></div><span readonly=\\"\\" class=\\"MuiSlider-colorPrimary MuiSlider-sizeMedium MuiSlider-root css-10yivjf-MuiSlider-root\\"><span class=\\"MuiSlider-rail css-14pt78w-MuiSlider-rail\\"></span><span class=\\"MuiSlider-track css-1gv0vcd-MuiSlider-track\\" style=\\"left: 0%; width: 100%;\\"></span><span data-index=\\"0\\" class=\\"MuiSlider-thumbColorPrimary MuiSlider-thumbSizeMedium MuiSlider-thumb css-eg0mwd-MuiSlider-thumb\\" style=\\"left: 100%;\\"><input tabindex=\\"-1\\" data-index=\\"0\\" aria-label=\\"Index\\" aria-orientation=\\"horizontal\\" aria-valuemax=\\"-1\\" aria-valuemin=\\"0\\" aria-valuenow=\\"-1\\" type=\\"range\\" min=\\"0\\" max=\\"-1\\" style=\\"border: 0px; height: 100%; margin: -1px; overflow: hidden; padding: 0px; position: absolute; white-space: nowrap; width: 100%; direction: ltr;\\" value=\\"-1\\"></span></span>"`;
