// Jest Snapshot v1, https://goo.gl/fbAQLP

exports[`test <App/> component snapshot testing 1`] = `"<div class=\\"MuiBox-root css-1xmafg8\\"><div class=\\"MuiBox-root css-119w1of\\"><div class=\\"MuiBox-root css-0\\"><div aria-busy=\\"true\\" class=\\"\\"><svg width=\\"80\\" height=\\"80\\" viewBox=\\"0 0 120 30\\" xmlns=\\"http://www.w3.org/2000/svg\\" fill=\\"white\\" aria-label=\\"audio-loading\\"><circle cx=\\"15\\" cy=\\"15\\" r=\\"15\\"><animate attributeName=\\"r\\" from=\\"15\\" to=\\"15\\" begin=\\"0s\\" dur=\\"0.8s\\" values=\\"15;9;15\\" calcMode=\\"linear\\" repeatCount=\\"indefinite\\"></animate><animate attributeName=\\"fillOpacity\\" from=\\"1\\" to=\\"1\\" begin=\\"0s\\" dur=\\"0.8s\\" values=\\"1;.5;1\\" calcMode=\\"linear\\" repeatCount=\\"indefinite\\"></animate></circle><circle cx=\\"60\\" cy=\\"15\\" r=\\"9\\" attributeName=\\"fillOpacity\\" from=\\"1\\" to=\\"0.3\\"><animate attributeName=\\"r\\" from=\\"9\\" to=\\"9\\" begin=\\"0s\\" dur=\\"0.8s\\" values=\\"9;15;9\\" calcMode=\\"linear\\" repeatCount=\\"indefinite\\"></animate><animate attributeName=\\"fillOpacity\\" from=\\"0.5\\" to=\\"0.5\\" begin=\\"0s\\" dur=\\"0.8s\\" values=\\".5;1;.5\\" calcMode=\\"linear\\" repeatCount=\\"indefinite\\"></animate></circle><circle cx=\\"105\\" cy=\\"15\\" r=\\"15\\"><animate attributeName=\\"r\\" from=\\"15\\" to=\\"15\\" begin=\\"0s\\" dur=\\"0.8s\\" values=\\"15;9;15\\" calcMode=\\"linear\\" repeatCount=\\"indefinite\\"></animate><animate attributeName=\\"fillOpacity\\" from=\\"1\\" to=\\"1\\" begin=\\"0s\\" dur=\\"0.8s\\" values=\\"1;.5;1\\" calcMode=\\"linear\\" repeatCount=\\"indefinite\\"></animate></circle></svg></div><div class=\\"MuiBox-root css-0\\">In a moment . . .</div></div></div><div class=\\"MuiBox-root css-1y08cah\\"><lottie-player src=\\"https://assets3.lottiefiles.com/packages/lf20_xx4r8tdi.json\\" background=\\"transparent\\" speed=\\"1\\" style=\\"width: 100px; height: 100px;\\" loop=\\"true\\" autoplay=\\"true\\"></lottie-player></div></div>"`;
